V3 3
FL /home/jose/Documentos/Projects_ISE_9_2/flip_flop_D/elem_RAM.vhd 2015/01/31.15:46:11 J.36
EN work/elem_RAM 1422730004 \
      FL /home/jose/Documentos/Projects_ISE_9_2/flip_flop_D/elem_RAM.vhd \
      PB ieee/std_logic_1164 1177545575 PB ieee/std_logic_arith 1177545576 \
      PB ieee/STD_LOGIC_UNSIGNED 1177545583
AR work/elem_RAM/Behavioral 1422730005 \
      FL /home/jose/Documentos/Projects_ISE_9_2/flip_flop_D/elem_RAM.vhd \
      EN work/elem_RAM 1422730004
