V3 53
FL /home/jose/Documentos/Projects_ISE_9_2/pBlazePres/Adecua_Int.vhd 2014/06/04.14:56:07 J.36
EN isim_temp/Adecua_Int 1426368698 \
      FL /home/jose/Documentos/Projects_ISE_9_2/pBlazePres/Adecua_Int.vhd \
      PB ieee/std_logic_1164 1179176234 PB ieee/STD_LOGIC_UNSIGNED 1179176242
AR isim_temp/Adecua_Int/Behavioral 1426368699 \
      FL /home/jose/Documentos/Projects_ISE_9_2/pBlazePres/Adecua_Int.vhd \
      EN isim_temp/Adecua_Int 1426368698
FL /home/jose/Documentos/Projects_ISE_9_2/pBlazePres/AntiR.vhd 2014/06/04.14:28:28 J.36
EN isim_temp/AntiR 1426368696 \
      FL /home/jose/Documentos/Projects_ISE_9_2/pBlazePres/AntiR.vhd \
      PB ieee/std_logic_1164 1179176234 PB ieee/std_logic_arith 1179176236 \
      PB ieee/STD_LOGIC_UNSIGNED 1179176242
AR isim_temp/AntiR/Behavioral 1426368697 \
      FL /home/jose/Documentos/Projects_ISE_9_2/pBlazePres/AntiR.vhd \
      EN isim_temp/AntiR 1426368696
FL /home/jose/Documentos/Projects_ISE_9_2/pBlazePres/aplicacion.vhd 2013/07/08.14:39:28 J.36
PH isim_temp/constants 1426368692 \
      FL /home/jose/Documentos/Projects_ISE_9_2/pBlazePres/aplicacion.vhd \
      PB ieee/std_logic_1164 1179176234
PB isim_temp/constants 1426368693 \
      FL /home/jose/Documentos/Projects_ISE_9_2/pBlazePres/aplicacion.vhd \
      PH isim_temp/constants 1426368692
EN isim_temp/memoria 1426368694 \
      FL /home/jose/Documentos/Projects_ISE_9_2/pBlazePres/aplicacion.vhd \
      PB ieee/std_logic_1164 1179176234 PB ieee/std_logic_arith 1179176236 \
      PB ieee/STD_LOGIC_UNSIGNED 1179176242 LB unisim PH unisim/VCOMPONENTS 1179176322 \
      PB isim_temp/constants 1426368693
AR isim_temp/memoria/mix 1426368695 \
      FL /home/jose/Documentos/Projects_ISE_9_2/pBlazePres/aplicacion.vhd \
      EN isim_temp/memoria 1426368694 CP label CP RAMB16_S9_S18 CP RAMB4_S8_S16 \
      CP std_logic_vector CP RAMB4_S4_S4
FL /home/jose/Documentos/Projects_ISE_9_2/pBlazePres/kcpsm3.vhd 2005/07/20.08:50:38 J.36
EN isim_temp/kcpsm3 1426368690 \
      FL /home/jose/Documentos/Projects_ISE_9_2/pBlazePres/kcpsm3.vhd \
      PB ieee/std_logic_1164 1179176234 PB ieee/std_logic_arith 1179176236 \
      PB ieee/STD_LOGIC_UNSIGNED 1179176242 LB unisim PH unisim/VCOMPONENTS 1179176322
AR isim_temp/kcpsm3/low_level_definition 1426368691 \
      FL /home/jose/Documentos/Projects_ISE_9_2/pBlazePres/kcpsm3.vhd \
      EN isim_temp/kcpsm3 1426368690 CP LUT1 CP FDR CP FDS CP LUT4 CP FD CP FDE CP LUT3 \
      CP FDRE CP LUT2 CP MUXCY CP XORCY CP INV CP string CP label CP FDRSE CP RAM16X1D \
      CP RAM64X1S CP MUXF5 CP RAM32X1S
FL /home/jose/Documentos/Projects_ISE_9_2/pBlazePres/Reg_led.vhd 2014/06/04.14:56:45 J.36
EN isim_temp/Reg_led 1426368702 \
      FL /home/jose/Documentos/Projects_ISE_9_2/pBlazePres/Reg_led.vhd \
      PB ieee/std_logic_1164 1179176234 PB ieee/STD_LOGIC_UNSIGNED 1179176242
AR isim_temp/Reg_led/Behavioral 1426368703 \
      FL /home/jose/Documentos/Projects_ISE_9_2/pBlazePres/Reg_led.vhd \
      EN isim_temp/Reg_led 1426368702
FL /home/jose/Documentos/Projects_ISE_9_2/pBlazePres/top_PBlaze.vhd 2014/06/04.14:58:28 J.36
EN isim_temp/top_PB 1426368700 \
      FL /home/jose/Documentos/Projects_ISE_9_2/pBlazePres/top_PBlaze.vhd \
      PB ieee/std_logic_1164 1179176234 PB ieee/std_logic_arith 1179176236 \
      PB ieee/STD_LOGIC_UNSIGNED 1179176242
AR isim_temp/top_PB/Behavioral 1426368701 \
      FL /home/jose/Documentos/Projects_ISE_9_2/pBlazePres/top_PBlaze.vhd \
      EN isim_temp/top_PB 1426368700 CP kcpsm3 CP memoria
FL /home/jose/Documentos/Projects_ISE_9_2/pBlazePres/Top_Sistema.vhd 2014/06/04.14:55:17 J.36
EN isim_temp/Top_Sistema 1426368704 \
      FL /home/jose/Documentos/Projects_ISE_9_2/pBlazePres/Top_Sistema.vhd \
      PB ieee/std_logic_1164 1179176234 PB ieee/STD_LOGIC_UNSIGNED 1179176242
AR isim_temp/Top_Sistema/Behavioral 1426368705 \
      FL /home/jose/Documentos/Projects_ISE_9_2/pBlazePres/Top_Sistema.vhd \
      EN isim_temp/Top_Sistema 1426368704 CP AntiR CP Adecua_Int CP top_PB \
      CP Reg_led
