V3 53
FL /home/jose/Documentos/Projects_ISE_9_2/pBlazePres/Adecua_Int.vhd 2014/06/04.14:56:07 J.36
EN work/Adecua_Int 1426367687 \
      FL /home/jose/Documentos/Projects_ISE_9_2/pBlazePres/Adecua_Int.vhd \
      PB ieee/std_logic_1164 1177545575 PB ieee/STD_LOGIC_UNSIGNED 1177545583
AR work/Adecua_Int/Behavioral 1426367688 \
      FL /home/jose/Documentos/Projects_ISE_9_2/pBlazePres/Adecua_Int.vhd \
      EN work/Adecua_Int 1426367687
FL /home/jose/Documentos/Projects_ISE_9_2/pBlazePres/AntiR.vhd 2014/06/04.14:28:28 J.36
EN work/AntiR 1426367685 \
      FL /home/jose/Documentos/Projects_ISE_9_2/pBlazePres/AntiR.vhd \
      PB ieee/std_logic_1164 1177545575 PB ieee/std_logic_arith 1177545576 \
      PB ieee/STD_LOGIC_UNSIGNED 1177545583
AR work/AntiR/Behavioral 1426367686 \
      FL /home/jose/Documentos/Projects_ISE_9_2/pBlazePres/AntiR.vhd \
      EN work/AntiR 1426367685
FL /home/jose/Documentos/Projects_ISE_9_2/pBlazePres/aplicacion.vhd 2013/07/08.14:39:28 J.36
PH work/constants 1426367681 \
      FL /home/jose/Documentos/Projects_ISE_9_2/pBlazePres/aplicacion.vhd \
      PB ieee/std_logic_1164 1177545575
PB work/constants 1426367682 \
      FL /home/jose/Documentos/Projects_ISE_9_2/pBlazePres/aplicacion.vhd \
      PH work/constants 1426367681
EN work/memoria 1426367683 \
      FL /home/jose/Documentos/Projects_ISE_9_2/pBlazePres/aplicacion.vhd \
      PB ieee/std_logic_1164 1177545575 PB ieee/std_logic_arith 1177545576 \
      PB ieee/STD_LOGIC_UNSIGNED 1177545583 LB unisim PH unisim/VCOMPONENTS 1177545586 \
      PB work/constants 1426367682
AR work/memoria/mix 1426367684 \
      FL /home/jose/Documentos/Projects_ISE_9_2/pBlazePres/aplicacion.vhd \
      EN work/memoria 1426367683 CP label CP RAMB16_S9_S18 CP RAMB4_S8_S16 \
      CP std_logic_vector CP RAMB4_S4_S4
FL /home/jose/Documentos/Projects_ISE_9_2/pBlazePres/kcpsm3.vhd 2005/07/20.08:50:38 J.36
EN work/kcpsm3 1426367679 \
      FL /home/jose/Documentos/Projects_ISE_9_2/pBlazePres/kcpsm3.vhd \
      PB ieee/std_logic_1164 1177545575 PB ieee/std_logic_arith 1177545576 \
      PB ieee/STD_LOGIC_UNSIGNED 1177545583 LB unisim PH unisim/VCOMPONENTS 1177545586
AR work/kcpsm3/low_level_definition 1426367680 \
      FL /home/jose/Documentos/Projects_ISE_9_2/pBlazePres/kcpsm3.vhd \
      EN work/kcpsm3 1426367679 CP LUT1 CP FDR CP FDS CP LUT4 CP FD CP FDE CP LUT3 \
      CP FDRE CP LUT2 CP MUXCY CP XORCY CP INV CP string CP label CP FDRSE CP RAM16X1D \
      CP RAM64X1S CP MUXF5 CP RAM32X1S
FL /home/jose/Documentos/Projects_ISE_9_2/pBlazePres/Reg_led.vhd 2014/06/04.14:56:45 J.36
EN work/Reg_led 1426367691 \
      FL /home/jose/Documentos/Projects_ISE_9_2/pBlazePres/Reg_led.vhd \
      PB ieee/std_logic_1164 1177545575 PB ieee/STD_LOGIC_UNSIGNED 1177545583
AR work/Reg_led/Behavioral 1426367692 \
      FL /home/jose/Documentos/Projects_ISE_9_2/pBlazePres/Reg_led.vhd \
      EN work/Reg_led 1426367691
FL /home/jose/Documentos/Projects_ISE_9_2/pBlazePres/top_PBlaze.vhd 2014/06/04.14:58:28 J.36
EN work/top_PB 1426367689 \
      FL /home/jose/Documentos/Projects_ISE_9_2/pBlazePres/top_PBlaze.vhd \
      PB ieee/std_logic_1164 1177545575 PB ieee/std_logic_arith 1177545576 \
      PB ieee/STD_LOGIC_UNSIGNED 1177545583
AR work/top_PB/Behavioral 1426367690 \
      FL /home/jose/Documentos/Projects_ISE_9_2/pBlazePres/top_PBlaze.vhd \
      EN work/top_PB 1426367689 CP kcpsm3 CP memoria
FL /home/jose/Documentos/Projects_ISE_9_2/pBlazePres/Top_Sistema.vhd 2014/06/04.14:55:17 J.36
EN work/Top_Sistema 1426367693 \
      FL /home/jose/Documentos/Projects_ISE_9_2/pBlazePres/Top_Sistema.vhd \
      PB ieee/std_logic_1164 1177545575 PB ieee/STD_LOGIC_UNSIGNED 1177545583
AR work/Top_Sistema/Behavioral 1426367694 \
      FL /home/jose/Documentos/Projects_ISE_9_2/pBlazePres/Top_Sistema.vhd \
      EN work/Top_Sistema 1426367693 CP AntiR CP Adecua_Int CP top_PB CP Reg_led
