V3 3
FL /home/jose/Documentos/Projects_ISE_9_2/Contador_binario/contador.vhd 2015/02/01.19:57:45 J.36
EN work/contador 1426367624 \
      FL /home/jose/Documentos/Projects_ISE_9_2/Contador_binario/contador.vhd \
      PB ieee/std_logic_1164 1177545575 PB ieee/std_logic_arith 1177545576 \
      PB ieee/STD_LOGIC_UNSIGNED 1177545583
AR work/contador/Behavioral 1426367625 \
      FL /home/jose/Documentos/Projects_ISE_9_2/Contador_binario/contador.vhd \
      EN work/contador 1426367624
