V3 3
FL /home/jose/Documentos/Projects_ISE_9_2/Uso_loop_for/loop_for/bucleFOR.vhd 2015/01/31.15:29:51 J.36
EN work/bucleFOR 1422729168 \
      FL /home/jose/Documentos/Projects_ISE_9_2/Uso_loop_for/loop_for/bucleFOR.vhd \
      PB ieee/std_logic_1164 1179176234 PB ieee/std_logic_arith 1179176236 \
      PB ieee/STD_LOGIC_UNSIGNED 1179176242
AR work/bucleFOR/Behavioral 1422729169 \
      FL /home/jose/Documentos/Projects_ISE_9_2/Uso_loop_for/loop_for/bucleFOR.vhd \
      EN work/bucleFOR 1422729168
